// Jest Snapshot v1, https://goo.gl/fbAQLP

exports[`AdminPanel tests Snapshot matches 1`] = `
ShallowWrapper {
  Symbol(enzyme.__root__): [Circular],
  Symbol(enzyme.__unrendered__): <AdminPanel />,
  Symbol(enzyme.__renderer__): Object {
    "batchedUpdates": [Function],
    "getNode": [Function],
    "render": [Function],
    "simulateError": [Function],
    "simulateEvent": [Function],
    "unmount": [Function],
  },
  Symbol(enzyme.__node__): Object {
    "instance": null,
    "key": undefined,
    "nodeType": "host",
    "props": Object {
      "children": <form
        className="form"
>
        <label
                className="form__label"
                htmlFor="bookNameInput"
        >
                Book name:
                <input
                        className="form__input"
                        id="bookName"
                        name="bookName"
                        placeholder="Book Name"
                        type="text"
                />
        </label>
        <label
                className="form__label"
                htmlFor="bookAuthorInput"
        >
                Book author:
                <input
                        className="form__input"
                        id="bookAuthor"
                        name="bookAuthor"
                        placeholder="Book Author"
                        type="text"
                />
        </label>
        <label
                className="form__label"
                htmlFor="bookAuthorInput"
        >
                Book description:
                <textarea
                        className="form__textarea"
                        id="bookDescription"
                        name="bookDescription"
                        placeholder="Book Description"
                />
        </label>
        <label
                className="form__label"
                htmlFor="bookAuthorInput"
        >
                Book Image:
                <input
                        className="form__input"
                        id="bookImage"
                        name="bookImage"
                        type="file"
                />
        </label>
        <label
                className="form__label"
                htmlFor="bookAuthorInput"
        >
                On stock:
                <input
                        className="form__input"
                        id="bookOnStock"
                        name="bookOnStock"
                        placeholder="bookOnStock"
                        type="checkbox"
                />
        </label>
        <button
                type="submite"
        >
                Save
        </button>
</form>,
    },
    "ref": null,
    "rendered": Object {
      "instance": null,
      "key": undefined,
      "nodeType": "host",
      "props": Object {
        "children": Array [
          <label
            className="form__label"
            htmlFor="bookNameInput"
>
            Book name:
            <input
                        className="form__input"
                        id="bookName"
                        name="bookName"
                        placeholder="Book Name"
                        type="text"
            />
</label>,
          <label
            className="form__label"
            htmlFor="bookAuthorInput"
>
            Book author:
            <input
                        className="form__input"
                        id="bookAuthor"
                        name="bookAuthor"
                        placeholder="Book Author"
                        type="text"
            />
</label>,
          <label
            className="form__label"
            htmlFor="bookAuthorInput"
>
            Book description:
            <textarea
                        className="form__textarea"
                        id="bookDescription"
                        name="bookDescription"
                        placeholder="Book Description"
            />
</label>,
          <label
            className="form__label"
            htmlFor="bookAuthorInput"
>
            Book Image:
            <input
                        className="form__input"
                        id="bookImage"
                        name="bookImage"
                        type="file"
            />
</label>,
          <label
            className="form__label"
            htmlFor="bookAuthorInput"
>
            On stock:
            <input
                        className="form__input"
                        id="bookOnStock"
                        name="bookOnStock"
                        placeholder="bookOnStock"
                        type="checkbox"
            />
</label>,
          <button
            type="submite"
>
            Save
</button>,
        ],
        "className": "form",
      },
      "ref": null,
      "rendered": Array [
        Object {
          "instance": null,
          "key": undefined,
          "nodeType": "host",
          "props": Object {
            "children": Array [
              "Book name:",
              <input
                className="form__input"
                id="bookName"
                name="bookName"
                placeholder="Book Name"
                type="text"
/>,
            ],
            "className": "form__label",
            "htmlFor": "bookNameInput",
          },
          "ref": null,
          "rendered": Array [
            "Book name:",
            Object {
              "instance": null,
              "key": undefined,
              "nodeType": "host",
              "props": Object {
                "className": "form__input",
                "id": "bookName",
                "name": "bookName",
                "placeholder": "Book Name",
                "type": "text",
              },
              "ref": null,
              "rendered": null,
              "type": "input",
            },
          ],
          "type": "label",
        },
        Object {
          "instance": null,
          "key": undefined,
          "nodeType": "host",
          "props": Object {
            "children": Array [
              "Book author:",
              <input
                className="form__input"
                id="bookAuthor"
                name="bookAuthor"
                placeholder="Book Author"
                type="text"
/>,
            ],
            "className": "form__label",
            "htmlFor": "bookAuthorInput",
          },
          "ref": null,
          "rendered": Array [
            "Book author:",
            Object {
              "instance": null,
              "key": undefined,
              "nodeType": "host",
              "props": Object {
                "className": "form__input",
                "id": "bookAuthor",
                "name": "bookAuthor",
                "placeholder": "Book Author",
                "type": "text",
              },
              "ref": null,
              "rendered": null,
              "type": "input",
            },
          ],
          "type": "label",
        },
        Object {
          "instance": null,
          "key": undefined,
          "nodeType": "host",
          "props": Object {
            "children": Array [
              "Book description:",
              <textarea
                className="form__textarea"
                id="bookDescription"
                name="bookDescription"
                placeholder="Book Description"
/>,
            ],
            "className": "form__label",
            "htmlFor": "bookAuthorInput",
          },
          "ref": null,
          "rendered": Array [
            "Book description:",
            Object {
              "instance": null,
              "key": undefined,
              "nodeType": "host",
              "props": Object {
                "className": "form__textarea",
                "id": "bookDescription",
                "name": "bookDescription",
                "placeholder": "Book Description",
              },
              "ref": null,
              "rendered": null,
              "type": "textarea",
            },
          ],
          "type": "label",
        },
        Object {
          "instance": null,
          "key": undefined,
          "nodeType": "host",
          "props": Object {
            "children": Array [
              "Book Image:",
              <input
                className="form__input"
                id="bookImage"
                name="bookImage"
                type="file"
/>,
            ],
            "className": "form__label",
            "htmlFor": "bookAuthorInput",
          },
          "ref": null,
          "rendered": Array [
            "Book Image:",
            Object {
              "instance": null,
              "key": undefined,
              "nodeType": "host",
              "props": Object {
                "className": "form__input",
                "id": "bookImage",
                "name": "bookImage",
                "type": "file",
              },
              "ref": null,
              "rendered": null,
              "type": "input",
            },
          ],
          "type": "label",
        },
        Object {
          "instance": null,
          "key": undefined,
          "nodeType": "host",
          "props": Object {
            "children": Array [
              "On stock:",
              <input
                className="form__input"
                id="bookOnStock"
                name="bookOnStock"
                placeholder="bookOnStock"
                type="checkbox"
/>,
            ],
            "className": "form__label",
            "htmlFor": "bookAuthorInput",
          },
          "ref": null,
          "rendered": Array [
            "On stock:",
            Object {
              "instance": null,
              "key": undefined,
              "nodeType": "host",
              "props": Object {
                "className": "form__input",
                "id": "bookOnStock",
                "name": "bookOnStock",
                "placeholder": "bookOnStock",
                "type": "checkbox",
              },
              "ref": null,
              "rendered": null,
              "type": "input",
            },
          ],
          "type": "label",
        },
        Object {
          "instance": null,
          "key": undefined,
          "nodeType": "host",
          "props": Object {
            "children": "Save",
            "type": "submite",
          },
          "ref": null,
          "rendered": "Save",
          "type": "button",
        },
      ],
      "type": "form",
    },
    "type": "div",
  },
  Symbol(enzyme.__nodes__): Array [
    Object {
      "instance": null,
      "key": undefined,
      "nodeType": "host",
      "props": Object {
        "children": <form
          className="form"
>
          <label
                    className="form__label"
                    htmlFor="bookNameInput"
          >
                    Book name:
                    <input
                              className="form__input"
                              id="bookName"
                              name="bookName"
                              placeholder="Book Name"
                              type="text"
                    />
          </label>
          <label
                    className="form__label"
                    htmlFor="bookAuthorInput"
          >
                    Book author:
                    <input
                              className="form__input"
                              id="bookAuthor"
                              name="bookAuthor"
                              placeholder="Book Author"
                              type="text"
                    />
          </label>
          <label
                    className="form__label"
                    htmlFor="bookAuthorInput"
          >
                    Book description:
                    <textarea
                              className="form__textarea"
                              id="bookDescription"
                              name="bookDescription"
                              placeholder="Book Description"
                    />
          </label>
          <label
                    className="form__label"
                    htmlFor="bookAuthorInput"
          >
                    Book Image:
                    <input
                              className="form__input"
                              id="bookImage"
                              name="bookImage"
                              type="file"
                    />
          </label>
          <label
                    className="form__label"
                    htmlFor="bookAuthorInput"
          >
                    On stock:
                    <input
                              className="form__input"
                              id="bookOnStock"
                              name="bookOnStock"
                              placeholder="bookOnStock"
                              type="checkbox"
                    />
          </label>
          <button
                    type="submite"
          >
                    Save
          </button>
</form>,
      },
      "ref": null,
      "rendered": Object {
        "instance": null,
        "key": undefined,
        "nodeType": "host",
        "props": Object {
          "children": Array [
            <label
              className="form__label"
              htmlFor="bookNameInput"
>
              Book name:
              <input
                            className="form__input"
                            id="bookName"
                            name="bookName"
                            placeholder="Book Name"
                            type="text"
              />
</label>,
            <label
              className="form__label"
              htmlFor="bookAuthorInput"
>
              Book author:
              <input
                            className="form__input"
                            id="bookAuthor"
                            name="bookAuthor"
                            placeholder="Book Author"
                            type="text"
              />
</label>,
            <label
              className="form__label"
              htmlFor="bookAuthorInput"
>
              Book description:
              <textarea
                            className="form__textarea"
                            id="bookDescription"
                            name="bookDescription"
                            placeholder="Book Description"
              />
</label>,
            <label
              className="form__label"
              htmlFor="bookAuthorInput"
>
              Book Image:
              <input
                            className="form__input"
                            id="bookImage"
                            name="bookImage"
                            type="file"
              />
</label>,
            <label
              className="form__label"
              htmlFor="bookAuthorInput"
>
              On stock:
              <input
                            className="form__input"
                            id="bookOnStock"
                            name="bookOnStock"
                            placeholder="bookOnStock"
                            type="checkbox"
              />
</label>,
            <button
              type="submite"
>
              Save
</button>,
          ],
          "className": "form",
        },
        "ref": null,
        "rendered": Array [
          Object {
            "instance": null,
            "key": undefined,
            "nodeType": "host",
            "props": Object {
              "children": Array [
                "Book name:",
                <input
                  className="form__input"
                  id="bookName"
                  name="bookName"
                  placeholder="Book Name"
                  type="text"
/>,
              ],
              "className": "form__label",
              "htmlFor": "bookNameInput",
            },
            "ref": null,
            "rendered": Array [
              "Book name:",
              Object {
                "instance": null,
                "key": undefined,
                "nodeType": "host",
                "props": Object {
                  "className": "form__input",
                  "id": "bookName",
                  "name": "bookName",
                  "placeholder": "Book Name",
                  "type": "text",
                },
                "ref": null,
                "rendered": null,
                "type": "input",
              },
            ],
            "type": "label",
          },
          Object {
            "instance": null,
            "key": undefined,
            "nodeType": "host",
            "props": Object {
              "children": Array [
                "Book author:",
                <input
                  className="form__input"
                  id="bookAuthor"
                  name="bookAuthor"
                  placeholder="Book Author"
                  type="text"
/>,
              ],
              "className": "form__label",
              "htmlFor": "bookAuthorInput",
            },
            "ref": null,
            "rendered": Array [
              "Book author:",
              Object {
                "instance": null,
                "key": undefined,
                "nodeType": "host",
                "props": Object {
                  "className": "form__input",
                  "id": "bookAuthor",
                  "name": "bookAuthor",
                  "placeholder": "Book Author",
                  "type": "text",
                },
                "ref": null,
                "rendered": null,
                "type": "input",
              },
            ],
            "type": "label",
          },
          Object {
            "instance": null,
            "key": undefined,
            "nodeType": "host",
            "props": Object {
              "children": Array [
                "Book description:",
                <textarea
                  className="form__textarea"
                  id="bookDescription"
                  name="bookDescription"
                  placeholder="Book Description"
/>,
              ],
              "className": "form__label",
              "htmlFor": "bookAuthorInput",
            },
            "ref": null,
            "rendered": Array [
              "Book description:",
              Object {
                "instance": null,
                "key": undefined,
                "nodeType": "host",
                "props": Object {
                  "className": "form__textarea",
                  "id": "bookDescription",
                  "name": "bookDescription",
                  "placeholder": "Book Description",
                },
                "ref": null,
                "rendered": null,
                "type": "textarea",
              },
            ],
            "type": "label",
          },
          Object {
            "instance": null,
            "key": undefined,
            "nodeType": "host",
            "props": Object {
              "children": Array [
                "Book Image:",
                <input
                  className="form__input"
                  id="bookImage"
                  name="bookImage"
                  type="file"
/>,
              ],
              "className": "form__label",
              "htmlFor": "bookAuthorInput",
            },
            "ref": null,
            "rendered": Array [
              "Book Image:",
              Object {
                "instance": null,
                "key": undefined,
                "nodeType": "host",
                "props": Object {
                  "className": "form__input",
                  "id": "bookImage",
                  "name": "bookImage",
                  "type": "file",
                },
                "ref": null,
                "rendered": null,
                "type": "input",
              },
            ],
            "type": "label",
          },
          Object {
            "instance": null,
            "key": undefined,
            "nodeType": "host",
            "props": Object {
              "children": Array [
                "On stock:",
                <input
                  className="form__input"
                  id="bookOnStock"
                  name="bookOnStock"
                  placeholder="bookOnStock"
                  type="checkbox"
/>,
              ],
              "className": "form__label",
              "htmlFor": "bookAuthorInput",
            },
            "ref": null,
            "rendered": Array [
              "On stock:",
              Object {
                "instance": null,
                "key": undefined,
                "nodeType": "host",
                "props": Object {
                  "className": "form__input",
                  "id": "bookOnStock",
                  "name": "bookOnStock",
                  "placeholder": "bookOnStock",
                  "type": "checkbox",
                },
                "ref": null,
                "rendered": null,
                "type": "input",
              },
            ],
            "type": "label",
          },
          Object {
            "instance": null,
            "key": undefined,
            "nodeType": "host",
            "props": Object {
              "children": "Save",
              "type": "submite",
            },
            "ref": null,
            "rendered": "Save",
            "type": "button",
          },
        ],
        "type": "form",
      },
      "type": "div",
    },
  ],
  Symbol(enzyme.__options__): Object {
    "adapter": ReactSixteenAdapter {
      "options": Object {
        "enableComponentDidUpdateOnSetState": true,
        "lifecycles": Object {
          "componentDidUpdate": Object {
            "onSetState": true,
          },
          "getDerivedStateFromProps": true,
          "getSnapshotBeforeUpdate": true,
          "setState": Object {
            "skipsComponentDidUpdateOnNullish": true,
          },
        },
      },
    },
    "attachTo": undefined,
    "hydrateIn": undefined,
  },
}
`;
